{"node_health":{"total_nodes":3,"healthy_nodes":2,"details":[{"name":"kind-control-plane","healthy":true,"ready":"True","reason":"KubeletReady","message":"kubelet is posting ready status"},{"name":"kind-worker","healthy":false,"ready":"False","reason":"KubeletNotReady","message":"runtime network not ready: NetworkReady=false reason:NetworkPluginNotReady message:docker: network plugin is not ready: cni config uninitialized"},{"name":"kind-worker2","healthy":true,"ready":"True","reason":"KubeletReady","message":"kubelet is posting ready status"}]},"pod_health":{"total_nodes":20,"healthy_nodes":16,"details":[{"name":"coredns-74ff55c5b-cpfqs","healthy":false,"ready":"False","reason":"Unschedulable","message":"0/1 nodes are available: 1 node(s) had taint {node.kubernetes.io/not-ready: }, that the pod didn't tolerate.","namespace":"kube-system"},{"name":"coredns-74ff55c5b-vk77h","healthy":false,"ready":"False","reason":"Unschedulable","message":"0/1 nodes are available: 1 node(s) had taint {node.kubernetes.io/not-ready: }, that the pod didn't tolerate.","namespace":"kube-system"},{"name":"etcd-kind-control-plane","healthy":true,"ready":"Ready","namespace":"kube-system"},{"name":"kindnet-hknk7","healthy":true,"ready":"Ready","namespace":"kube-system"},{"name":"kindnet-qhzxn","healthy":true,"ready":"Ready","namespace":"kube-system"},{"name":"kindnet-x9fsq","healthy":true,"ready":"Ready","namespace":"kube-system"},{"name":"kube-apiserver-kind-control-plane","healthy":true,"ready":"Ready","namespace":"kube-system"},{"name":"kube-controller-manager-kind-control-plane","healthy":true,"ready":"Ready","namespace":"kube-system"},{"name":"kube-proxy-8jj5r","healthy":true,"ready":"Ready","namespace":"kube-system"},{"name":"kube-proxy-g79v6","healthy":true,"ready":"Ready","namespace":"kube-system"},{"name":"kube-proxy-lrtdp","healthy":true,"ready":"Ready","namespace":"kube-system"},{"name":"kube-scheduler-kind-control-plane","healthy":true,"ready":"Ready","namespace":"kube-system"},{"name":"coredns-74ff55c5b-ppjrs","healthy":false,"ready":"False","reason":"Unschedulable","message":"0/1 nodes are available: 1 node(s) had taint {node.kubernetes.io/not-ready: }, that the pod didn't tolerate.","namespace":"kube-system"},{"name":"coredns-74ff55c5b-s89p7","healthy":false,"ready":"False","reason":"Unschedulable","message":"0/1 nodes are available: 1 node(s) had taint {node.kubernetes.io/not-ready: }, that the pod didn't tolerate.","namespace":"kube-system"},{"name":"local-path-provisioner-78776bfc44-66xwg","healthy":true,"ready":"Ready","namespace":"local-path-storage"},{"name":"sonobuoy","healthy":true,"ready":"Ready","namespace":"sonobuoy"},{"name":"sonobuoy-e2e-job-1d0e9c62fc114e08","healthy":true,"ready":"Ready","namespace":"sonobuoy"},{"name":"sonobuoy-systemd-logs-daemon-set-7a10f4effeb44d32-7n2cj","healthy":true,"ready":"Ready","namespace":"sonobuoy"},{"name":"sonobuoy-systemd-logs-daemon-set-7a10f4effeb44d32-jrn9s","healthy":true,"ready":"Ready","namespace":"sonobuoy"},{"name":"sonobuoy-systemd-logs-daemon-set-7a10f4effeb44d32-zqfjc","healthy":true,"ready":"Ready","namespace":"sonobuoy"}]},"api_version":"v1.20.0","error_summary":{"Errors":{"podlogs/kube-system/kube-apiserver-kind-control-plane/logs/kube-apiserver.txt":2,"podlogs/kube-system/kube-controller-manager-kind-control-plane/logs/kube-controller-manager.txt":22,"podlogs/kube-system/kube-scheduler-kind-control-plane/logs/kube-scheduler.txt":22},"Warnings":{"podlogs/kube-system/kube-apiserver-kind-control-plane/logs/kube-apiserver.txt":11,"podlogs/kube-system/kube-controller-manager-kind-control-plane/logs/kube-controller-manager.txt":13,"podlogs/kube-system/kube-proxy-8jj5r/logs/kube-proxy.txt":1,"podlogs/kube-system/kube-proxy-g79v6/logs/kube-proxy.txt":1,"podlogs/kube-system/kube-proxy-lrtdp/logs/kube-proxy.txt":1,"podlogs/kube-system/kube-scheduler-kind-control-plane/logs/kube-scheduler.txt":4,"podlogs/sonobuoy/sonobuoy/logs/kube-sonobuoy.txt":1}}}